
> skin-care@0.1.0 build
> next build

▲ Next.js 16.2.3 (Turbopack)
- Environments: .env

  Creating an optimized production build ...
✓ Compiled successfully in 17.8s
  Running TypeScript ...
  Finished TypeScript in 15.8s ...
  Collecting page data using 3 workers ...
  Generating static pages using 3 workers (0/16) ...
  Generating static pages using 3 workers (4/16) 
Error occurred prerendering page "/_not-found". Read more: https://nextjs.org/docs/messages/prerender-error
TypeError: Cannot destructure property 'data' of '(0 , t.useSession)(...)' as it is undefined.
    at <unknown> (D:\projects\skin-care\.next\server\chunks\ssr\_12h6jmc._.js:1:56413) {
  digest: '1480550214'
}
Export encountered an error on /_not-found/page: /_not-found, exiting the build.
⨯ Next.js build worker exited with code: 1 and signal: null
